
SYMBOLS BY NAME

     800            RAM_Size            
     200            RAM_Start_Address   
    1562 CODE       _DriveLED           
    1246 CODE       _InitUART           
    1230 CODE       _InitializeGame     
    14a6 CODE       _KeyScan            
     20a IDATA0     _NeedSeedOfPower    
    1350 CODE       _OnButtonRelease    
    153e CODE       _SetForPress        
    11bc CODE       _TXHighScores       
    114a CODE       _TXMenu             
    129e CODE       _UART0_RX_interrupt 
    151c CODE       _WaitForRelease     
     200 IDATA0     ___begin_IDATA0     
       0            ___begin_UDATA0     
       0            ___end_UDATA0       
     212 IDATA0     ___rand_next        
     201 IDATA0     _edge               
     202 IDATA0     _errorFlag          
     203 IDATA0     _key                
     204 IDATA0     _keyDown            
    1100 CODE       _main               
    16b6 CODE       _memcpy             
    16c6 CODE       _memset             
    1468 CODE       _rowInterrupt       
    16d6 CODE       _srand              
     20b IDATA0     _tasks              
     210 IDATA0     _tempDelay          
     20e IDATA0     _tempSend           
    11fe CODE       _testScreen         
     200 IDATA0     _time               
    140e CODE       _timera_isr         
    1326 CODE       _txline             
    133c CODE       _txstring           
     206 IDATA0     _val                


SYMBOLS BY VALUE

       0            ___begin_UDATA0     
       0            ___end_UDATA0       
     200            RAM_Start_Address   
     200 IDATA0     ___begin_IDATA0     
     200 IDATA0     _time               
     201 IDATA0     _edge               
     202 IDATA0     _errorFlag          
     203 IDATA0     _key                
     204 IDATA0     _keyDown            
     206 IDATA0     _val                
     20a IDATA0     _NeedSeedOfPower    
     20b IDATA0     _tasks              
     20e IDATA0     _tempSend           
     210 IDATA0     _tempDelay          
     212 IDATA0     ___rand_next        
     800            RAM_Size            
    1100 CODE       _main               
    114a CODE       _TXMenu             
    11bc CODE       _TXHighScores       
    11fe CODE       _testScreen         
    1230 CODE       _InitializeGame     
    1246 CODE       _InitUART           
    129e CODE       _UART0_RX_interrupt 
    1326 CODE       _txline             
    133c CODE       _txstring           
    1350 CODE       _OnButtonRelease    
    140e CODE       _timera_isr         
    1468 CODE       _rowInterrupt       
    14a6 CODE       _KeyScan            
    151c CODE       _WaitForRelease     
    153e CODE       _SetForPress        
    1562 CODE       _DriveLED           
    16b6 CODE       _memcpy             
    16c6 CODE       _memset             
    16d6 CODE       _srand              
